[15:19:14] ── Setup du monde ──
[15:19:14] Extraction de la structure du scénario en 5 passes...
[15:19:14] ✨ Setup terminé en 0.00s.
[15:19:14] ── Setup du monde ──
[15:19:14] Extraction de la structure du scénario en 5 passes...
[15:19:14] ✨ Setup terminé en 0.00s.
[15:22:47] ── Setup du monde ──
[15:22:47] Extraction de la structure du scénario via ScenarioExtractorAgent en 5 passes...
[15:22:47] ✨ Setup terminé en 0.00s.
[15:22:47] ── Setup du monde ──
[15:22:47] Chargement direct du scénario structuré : scenario_structure.json
[15:22:47] ✨ Setup terminé en 0.00s.
[15:22:47] ── Setup du monde ──
[15:22:47] ✗ Erreur lors du setup ou de la validation de la structure : Plusieurs fichiers JSON de scénario trouvés dans /tmp/pytest-of-jules/pytest-3/test_setup_world_json_scenario0 : ['scenario_structure.json', 'another_scenario.json']. Un seul scénario structuré est supporté à la fois.
[15:23:44] ── Setup du monde ──
[15:23:44] Extraction de la structure du scénario via ScenarioExtractorAgent en 5 passes...
[15:23:44] ✨ Setup terminé en 0.00s.
[15:23:44] ── Setup du monde ──
[15:23:44] Chargement direct du scénario structuré : scenario_structure.json
[15:23:44] ✨ Setup terminé en 0.00s.
[15:23:44] ── Setup du monde ──
[15:23:44] ✗ Erreur lors du setup ou de la validation de la structure : Plusieurs fichiers JSON de scénario trouvés dans /tmp/pytest-of-jules/pytest-4/test_setup_world_json_scenario0 : ['scenario_structure.json', 'another_scenario.json']. Un seul scénario structuré est supporté à la fois.
[15:52:39] ── Setup du monde ──
[15:52:39] Extraction de la structure du scénario via ScenarioExtractorAgent en 5 passes...
[15:52:39] ✨ Setup terminé en 0.00s.
[15:52:39] ── Setup du monde ──
[15:52:39] Chargement direct du scénario structuré : scenario_structure.json
[15:52:39] ✨ Setup terminé en 0.00s.
[15:52:39] ── Setup du monde ──
[15:52:39] ✗ Erreur lors du setup ou de la validation de la structure : Plusieurs fichiers JSON de scénario trouvés dans /tmp/pytest-of-jules/pytest-5/test_setup_world_json_scenario0 : ['scenario_structure.json', 'another_scenario.json']. Un seul scénario structuré est supporté à la fois.
[17:03:23] ── Setup du monde ──
[17:03:23] Extraction de la structure du scénario via ScenarioExtractorAgent en 5 passes...
[17:03:23] ✨ Setup terminé en 0.00s.
[17:03:23] ── Setup du monde ──
[17:03:23] Chargement direct du scénario structuré : scenario_structure.json
[17:03:23] ✨ Setup terminé en 0.00s.
[17:03:23] ── Setup du monde ──
[17:03:23] ✗ Erreur lors du setup ou de la validation de la structure : Plusieurs fichiers JSON de scénario trouvés dans /tmp/pytest-of-jules/pytest-6/test_setup_world_json_scenario0 : ['scenario_structure.json', 'another_scenario.json']. Un seul scénario structuré est supporté à la fois.
[17:03:58] ── Setup du monde ──
[17:03:58] Extraction de la structure du scénario via ScenarioExtractorAgent en 5 passes...
[17:03:58] ✨ Setup terminé en 0.00s.
[17:03:58] ── Setup du monde ──
[17:03:58] Chargement direct du scénario structuré : scenario_structure.json
[17:03:58] ✨ Setup terminé en 0.00s.
[17:03:58] ── Setup du monde ──
[17:03:58] ✗ Erreur lors du setup ou de la validation de la structure : Plusieurs fichiers JSON de scénario trouvés dans /tmp/pytest-of-jules/pytest-7/test_setup_world_json_scenario0 : ['scenario_structure.json', 'another_scenario.json']. Un seul scénario structuré est supporté à la fois.
[07:16:56] ── Setup du monde ──
[07:16:56] Extraction de la structure du scénario via ScenarioExtractorAgent en 5 passes...
[07:16:56] ✨ Setup terminé en 0.00s.
[07:16:56] ── Setup du monde ──
[07:16:56] Chargement direct du scénario structuré : scenario_structure.json
[07:16:56] ✨ Setup terminé en 0.00s.
[07:16:56] ── Setup du monde ──
[07:16:56] ✗ Erreur lors du setup ou de la validation de la structure : Plusieurs fichiers JSON de scénario trouvés dans /tmp/pytest-of-jules/pytest-1/test_setup_world_json_scenario0 : ['scenario_structure.json', 'another_scenario.json']. Un seul scénario structuré est supporté à la fois.
[07:20:09] ── Setup du monde ──
[07:20:09] Extraction de la structure du scénario via ScenarioExtractorAgent en 5 passes...
[07:20:09] ✨ Setup terminé en 0.00s.
[07:20:09] ── Setup du monde ──
[07:20:09] Chargement direct du scénario structuré : scenario_structure.json
[07:20:09] ✨ Setup terminé en 0.00s.
[07:20:09] ── Setup du monde ──
[07:20:09] ✗ Erreur lors du setup ou de la validation de la structure : Plusieurs fichiers JSON de scénario trouvés dans /tmp/pytest-of-jules/pytest-2/test_setup_world_json_scenario0 : ['scenario_structure.json', 'another_scenario.json']. Un seul scénario structuré est supporté à la fois.
